// Jest Snapshot v1, https://goo.gl/fbAQLP

exports[`Probando <GifItem/> Is required a title and a url and match snapshot 1`] = `
<div>
  <div
    class="card"
  >
    <img
      alt="saitama"
      src="https://google.com/"
    />
    <p>
      saitama
    </p>
  </div>
</div>
`;
